// Jest Snapshot v1, https://goo.gl/fbAQLP

exports[`FontResults renders correctly 1`] = `
<font-results
  search=""
  selected-category=""
  selected-subset=""
  selected-tag=""
  selected-variable=""
  selected-variant=""
>
  <div
    id="search-status"
  >
    <search-status
      class="search-status"
      resultslength="1497"
      search=""
      selectedcategory=""
      selectedsubset=""
      selectedtag=""
      selectedvariable=""
      selectedvariant=""
    />
  </div>
  

  <div
    class="families"
    id="families"
  >
    <font-item
      font="{"family":"ABeeZee","variants":["regular","italic"],"subsets":["latin","latin-ext"],"category":"sans-serif","tags":["literacy","kids"],"lineNumber":2,"variable":false}"
      selectedsubset=""
      selectedtag=""
      selectedvariant=""
    />
    

    <font-item
      font="{"family":"Abel","variants":["regular"],"subsets":["latin"],"category":"sans-serif","tags":["condensed"],"lineNumber":3,"variable":false}"
      selectedsubset=""
      selectedtag=""
      selectedvariant=""
    />
    

    <font-item
      font="{"family":"Abhaya Libre","variants":["regular","500","600","700","800"],"subsets":["latin","latin-ext","sinhala"],"category":"serif","tags":[],"lineNumber":4,"variable":false}"
      selectedsubset=""
      selectedtag=""
      selectedvariant=""
    />
    

    <font-item
      font="{"family":"Aboreto","variants":["regular"],"subsets":["latin","latin-ext"],"category":"display","tags":["caps"],"lineNumber":5,"variable":false}"
      selectedsubset=""
      selectedtag=""
      selectedvariant=""
    />
    

    <font-item
      font="{"family":"Abril Fatface","variants":["regular"],"subsets":["latin","latin-ext"],"category":"display","tags":["heavy","elegant","didone","headlines"],"lineNumber":6,"variable":false}"
      selectedsubset=""
      selectedtag=""
      selectedvariant=""
    />
    

    <font-item
      font="{"family":"Abyssinica SIL","variants":["regular"],"subsets":["ethiopic","latin","latin-ext"],"category":"serif","tags":[],"lineNumber":7,"variable":false}"
      selectedsubset=""
      selectedtag=""
      selectedvariant=""
    />
    

    <font-item
      font="{"family":"Aclonica","variants":["regular"],"subsets":["latin"],"category":"sans-serif","tags":["modern","friendly"],"lineNumber":8,"variable":false}"
      selectedsubset=""
      selectedtag=""
      selectedvariant=""
    />
    

    <font-item
      font="{"family":"Acme","variants":["regular"],"subsets":["latin"],"category":"sans-serif","tags":["cartoon","comic","groovy","headlines"],"lineNumber":9,"variable":false}"
      selectedsubset=""
      selectedtag=""
      selectedvariant=""
    />
    

    <font-item
      font="{"family":"Actor","variants":["regular"],"subsets":["latin"],"category":"sans-serif","tags":["thin","legibility"],"lineNumber":10,"variable":false}"
      selectedsubset=""
      selectedtag=""
      selectedvariant=""
    />
    

    <font-item
      font="{"family":"Adamina","variants":["regular"],"subsets":["latin"],"category":"serif","tags":["compact","small sizes","transitional"],"lineNumber":11,"variable":false}"
      selectedsubset=""
      selectedtag=""
      selectedvariant=""
    />
  </div>
  

  <div
    id="pagination"
  >
    <pagination-buttons
      currentpage="1"
      pagesize="10"
      resultslength="1497"
    />
  </div>
</font-results>
`;
